---
http_interactions:
- request:
    method: post
    uri: https://api.echo.nasa.gov/echo-rest//tokens
    body:
      encoding: US-ASCII
      string: |-
        <token>
                  <username>guest</username>
                  <password>guest@echo.nasa.gov</password>
                  <client_id>foo-opensearch-dev</client_id>
                  <user_ip_address>0.0.0.0</user_ip_address>
                </token>
    headers:
      Accept:
      - "*/*; q=0.5, application/xml"
      Accept-Encoding:
      - gzip, deflate
      Content-Type:
      - application/xml
      Content-Length:
      - '217'
      User-Agent:
      - Ruby
  response:
    status:
      code: 201
      message: Created
    headers:
      Server:
      - Apache-Coyote/1.1
      Location:
      - https://api.echo.nasa.gov/echo-rest/tokens/echo-token-here?clientId=unknown
      Cache-Control:
      - no-cache
      X-Ua-Compatible:
      - IE=Edge,chrome=1
      Set-Cookie:
      - _EchoRestRails_session=BAh7BiIPc2Vzc2lvbl9pZCIlNDQzNjU2NzBlYzQ5NTJhMjA1YTU3N2JjMWQ3MzYyNjM%3D--995e291088c2c374bd46f1d247fb2b0ffbfcac4b;
        path=/; HttpOnly
      X-Runtime:
      - '0.284000'
      Content-Type:
      - application/xml;charset=utf-8
      Content-Length:
      - '222'
      Date:
      - Fri, 18 Jul 2014 13:20:11 GMT
    body:
      encoding: US-ASCII
      string: |
        <?xml version="1.0" encoding="UTF-8"?>
        <token>
          <id>8F2853B1-3DA1-A563-AD1C-43D30D8A758D</id>
          <username>guest</username>
          <client_id>foo-opensearch-dev</client_id>
          <user_ip_address>0.0.0.0</user_ip_address>
        </token>
    http_version:
  recorded_at: Fri, 18 Jul 2014 13:20:11 GMT
- request:
    method: get
    uri: https://cmr.earthdata.nasa.gov/search/collections.atom?include_has_granules=true&include_tags=org.ceos.wgiss.cwic.*,opensearch.granule.osdd,org.geoss.geoss_data-core,gov.nasa.eosdis,int.esa.fedeo&page_num=1&page_size=10&point=-3.21187,54.95389
    body:
      encoding: US-ASCII
      string: ''
    headers:
      Accept:
      - "*/*; q=0.5, application/xml"
      Accept-Encoding:
      - gzip, deflate
      Echo-Token:
      - echo-token-here
      User-Agent:
      - Ruby
  response:
    status:
      code: 200
      message: OK
    headers:
      Server:
      - Apache-Coyote/1.1
      CMR-Hits:
      - '1'
      Echo-Hits-Estimated:
      - 'true'
      Echo-Cursor-At-End:
      - 'true'
      X-Ua-Compatible:
      - IE=Edge,chrome=1
      Etag:
      - '"c6698f31a790a55c2a5d795fb89b58aa"'
      Cache-Control:
      - max-age=0, private, must-revalidate
      X-Request-Id:
      - 6caab2e88bb19e29e88d6cca23818ed6
      X-Runtime:
      - '1.251000'
      Date:
      - Fri, 18 Jul 2014 13:20:14 GMT
      X-Rack-Cache:
      - miss
      Content-Type:
      - application/atom+xml;charset=utf-8
      Content-Length:
      - '1407'
    body:
      encoding: US-ASCII
      string: |-
        <?xml version="1.0" encoding="UTF-8"?>
        <feed xmlns="http://www.w3.org/2005/Atom" xmlns:dc="http://purl.org/dc/elements/1.1/" xmlns:georss="http://www.georss.org/georss/10" xmlns:time="http://a9.com/-/opensearch/extensions/time/1.0/" xmlns:echo="https://cmr.earthdata.nasa.gov/search/site/docs/search/api.html#atom" xmlns:gml="http://www.opengis.net/gml" xmlns:esipdiscovery="http://commons.esipfed.org/ns/discovery/1.2/" xmlns:os="http://a9.com/-/spec/opensearch/1.1/" esipdiscovery:version="1.2">
          <updated>2014-07-18T13:20:14.763Z</updated>
          <id>https://api.echo.nasa.gov/catalog-rest/echo_catalog/datasets.atom?page_num=1&amp;page_size=10&amp;point=-3.21187%2C54.95389</id>
          <title type="text">CMR dataset metadata</title>
          <entry>
            <id>C1000000013-OS_PROV_1</id>
            <title type="text">Searcb by place name dataset 1</title>
            <summary type="text">Searcb by place name dataset - OPENSEARCH</summary>
            <updated>1999-12-31T19:00:00-05:00</updated>
            <echo:datasetId>Searcb by place name dataset 1</echo:datasetId>
            <echo:shortName>BownessOnSolwayDataset</echo:shortName>
            <echo:versionId>1</echo:versionId>
            <echo:originalFormat>ECHO10</echo:originalFormat>
            <echo:dataCenter>OS_PROV_1</echo:dataCenter>
            <echo:archiveCenter>OS_PROV1</echo:archiveCenter>
            <georss:box>50.0 -10.0 60.0 1.0</georss:box>
            <echo:onlineAccessFlag>false</echo:onlineAccessFlag>
            <echo:browseFlag>false</echo:browseFlag>
          </entry>
        </feed>
    http_version:
  recorded_at: Fri, 18 Jul 2014 13:20:14 GMT
- request:
    method: get
    uri: http://api.geonames.org/searchJSON?maxRows=1&q=Bowness-on-Solway&username=echo_reverb
    body:
      encoding: US-ASCII
      string: ''
    headers:
      Accept-Encoding:
      - gzip;q=1.0,deflate;q=0.6,identity;q=0.3
      Accept:
      - "*/*"
      User-Agent:
      - Ruby
      Host:
      - api.geonames.org
  response:
    status:
      code: 200
      message: OK
    headers:
      Date:
      - Thu, 04 Feb 2016 14:52:16 GMT
      Server:
      - Apache/2.2.15 (CentOS)
      Cache-Control:
      - no-cache
      Access-Control-Allow-Origin:
      - "*"
      Content-Type:
      - application/json;charset=UTF-8
      Content-Length:
      - '366'
      Age:
      - '1'
      Via:
      - 1.1 epxo13-02a.eno.ecs.nasa.gov
    body:
      encoding: UTF-8
      string: '{"totalResultsCount":2,"geonames":[{"countryId":"2635167","adminCode1":"ENG","countryName":"United
        Kingdom","fclName":"city, village,...","countryCode":"GB","lng":"-3.21187","fcodeName":"populated
        place","toponymName":"Bowness-on-Solway","fcl":"P","name":"Bowness-on-Solway","fcode":"PPL","geonameId":2655050,"lat":"54.95389","adminName1":"England","population":0}]}'
    http_version:
  recorded_at: Thu, 04 Feb 2016 14:52:13 GMT
- request:
    method: get
    uri: http://api.geonames.org/searchJSON?maxRows=1&q=Bowness-on-Solway&username=echo_reverb
    body:
      encoding: US-ASCII
      string: ''
    headers:
      Accept-Encoding:
      - gzip;q=1.0,deflate;q=0.6,identity;q=0.3
      Accept:
      - "*/*"
      User-Agent:
      - Ruby
      Host:
      - api.geonames.org
  response:
    status:
      code: 200
      message: OK
    headers:
      Date:
      - Thu, 04 Feb 2016 14:52:17 GMT
      Server:
      - Apache/2.2.15 (CentOS)
      Cache-Control:
      - no-cache
      Access-Control-Allow-Origin:
      - "*"
      Content-Type:
      - application/json;charset=UTF-8
      Content-Length:
      - '366'
      Age:
      - '1'
      Via:
      - 1.1 epxo13-02a.eno.ecs.nasa.gov
    body:
      encoding: UTF-8
      string: '{"totalResultsCount":2,"geonames":[{"countryId":"2635167","adminCode1":"ENG","countryName":"United
        Kingdom","fclName":"city, village,...","countryCode":"GB","lng":"-3.21187","fcodeName":"populated
        place","toponymName":"Bowness-on-Solway","fcl":"P","name":"Bowness-on-Solway","fcode":"PPL","geonameId":2655050,"lat":"54.95389","adminName1":"England","population":0}]}'
    http_version:
  recorded_at: Thu, 04 Feb 2016 14:52:13 GMT
- request:
    method: get
    uri: http://api.geonames.org/searchJSON?maxRows=1&q=Bowness-on-Solway&username=echo_reverb
    body:
      encoding: US-ASCII
      string: ''
    headers:
      Accept-Encoding:
      - gzip;q=1.0,deflate;q=0.6,identity;q=0.3
      Accept:
      - "*/*"
      User-Agent:
      - Ruby
      Host:
      - api.geonames.org
  response:
    status:
      code: 200
      message: OK
    headers:
      Date:
      - Thu, 04 Feb 2016 14:52:17 GMT
      Server:
      - Apache/2.2.15 (CentOS)
      Cache-Control:
      - no-cache
      Access-Control-Allow-Origin:
      - "*"
      Content-Type:
      - application/json;charset=UTF-8
      Content-Length:
      - '366'
      Age:
      - '0'
      Via:
      - 1.1 epxo13-02a.eno.ecs.nasa.gov
    body:
      encoding: UTF-8
      string: '{"totalResultsCount":2,"geonames":[{"countryId":"2635167","adminCode1":"ENG","countryName":"United
        Kingdom","fclName":"city, village,...","countryCode":"GB","lng":"-3.21187","fcodeName":"populated
        place","toponymName":"Bowness-on-Solway","fcl":"P","name":"Bowness-on-Solway","fcode":"PPL","geonameId":2655050,"lat":"54.95389","adminName1":"England","population":0}]}'
    http_version:
  recorded_at: Thu, 04 Feb 2016 14:52:14 GMT
- request:
    method: get
    uri: http://api.geonames.org/searchJSON?maxRows=1&q=dougopolis&username=echo_reverb
    body:
      encoding: US-ASCII
      string: ''
    headers:
      Accept-Encoding:
      - gzip;q=1.0,deflate;q=0.6,identity;q=0.3
      Accept:
      - "*/*"
      User-Agent:
      - Ruby
      Host:
      - api.geonames.org
  response:
    status:
      code: 200
      message: OK
    headers:
      Date:
      - Thu, 04 Feb 2016 14:52:26 GMT
      Server:
      - Apache/2.2.15 (CentOS)
      Cache-Control:
      - no-cache
      Access-Control-Allow-Origin:
      - "*"
      Content-Type:
      - application/json;charset=UTF-8
      Content-Length:
      - '37'
      Age:
      - '1'
      Via:
      - 1.1 epxo13-02a.eno.ecs.nasa.gov
    body:
      encoding: UTF-8
      string: '{"totalResultsCount":0,"geonames":[]}'
    http_version:
  recorded_at: Thu, 04 Feb 2016 14:52:23 GMT
- request:
    method: get
    uri: http://api.geonames.org/searchJSON?maxRows=1&q=dougopolis&username=echo_reverb
    body:
      encoding: US-ASCII
      string: ''
    headers:
      Accept-Encoding:
      - gzip;q=1.0,deflate;q=0.6,identity;q=0.3
      Accept:
      - "*/*"
      User-Agent:
      - Ruby
      Host:
      - api.geonames.org
  response:
    status:
      code: 200
      message: OK
    headers:
      Date:
      - Thu, 04 Feb 2016 14:52:27 GMT
      Server:
      - Apache/2.2.15 (CentOS)
      Cache-Control:
      - no-cache
      Access-Control-Allow-Origin:
      - "*"
      Content-Type:
      - application/json;charset=UTF-8
      Content-Length:
      - '37'
      Age:
      - '1'
      Via:
      - 1.1 epxo13-02a.eno.ecs.nasa.gov
    body:
      encoding: UTF-8
      string: '{"totalResultsCount":0,"geonames":[]}'
    http_version:
  recorded_at: Thu, 04 Feb 2016 14:52:23 GMT
recorded_with: VCR 2.9.2
